// Jest Snapshot v1, https://goo.gl/fbAQLP

exports[`matches snapshort 1`] = `
<div
  className="MuiPaper-root MuiPaper-elevation MuiPaper-rounded MuiPaper-elevation1 MuiCard-root css-1ocap4b-MuiPaper-root-MuiCard-root"
>
  <div
    className="MuiCardContent-root css-46bh2p-MuiCardContent-root"
  >
    <p
      className="MuiTypography-root MuiTypography-body1 css-cmfhp1-MuiTypography-root"
    >
      Installed SDK's
    </p>
    <p
      className="MuiTypography-root MuiTypography-body1 css-jrcnce-MuiTypography-root"
    >
      10
    </p>
    <p
      className="MuiTypography-root MuiTypography-body1 css-cmfhp1-MuiTypography-root"
    >
       Latest Update: Jul 16, 2019
    </p>
    <p
      className="MuiTypography-root MuiTypography-body1 css-1rnp0n2-MuiTypography-root"
    />
    <div
      className="MuiBox-root css-0"
    >
      <div
        className="MuiBox-root css-17s8iu9"
      >
        <h6
          className="MuiTypography-root MuiTypography-h6 css-133mrz3-MuiTypography-root"
        >
          App Platform
        </h6>
        <p
          className="MuiTypography-root MuiTypography-body1 css-ahj2mt-MuiTypography-root"
        >
          SDK 4
           
          2 years ago
        </p>
      </div>
      <div
        className="MuiBox-root css-17s8iu9"
      >
        <h6
          className="MuiTypography-root MuiTypography-h6 css-133mrz3-MuiTypography-root"
        >
          Backend
        </h6>
        <p
          className="MuiTypography-root MuiTypography-body1 css-ahj2mt-MuiTypography-root"
        >
          SDK 1
           
          2 years ago
        </p>
      </div>
      <div
        className="MuiBox-root css-17s8iu9"
      >
        <h6
          className="MuiTypography-root MuiTypography-h6 css-133mrz3-MuiTypography-root"
        >
          Location
        </h6>
        <p
          className="MuiTypography-root MuiTypography-body1 css-ahj2mt-MuiTypography-root"
        >
          SDK 7
           
          2 years ago
        </p>
      </div>
      <div
        className="MuiBox-root css-17s8iu9"
      >
        <h6
          className="MuiTypography-root MuiTypography-h6 css-133mrz3-MuiTypography-root"
        >
          OCR
        </h6>
        <p
          className="MuiTypography-root MuiTypography-body1 css-ahj2mt-MuiTypography-root"
        >
          SDK 9
           
          2 years ago
        </p>
      </div>
      <div
        className="MuiBox-root css-17s8iu9"
      >
        <h6
          className="MuiTypography-root MuiTypography-h6 css-133mrz3-MuiTypography-root"
        >
          Payments
        </h6>
        <p
          className="MuiTypography-root MuiTypography-body1 css-ahj2mt-MuiTypography-root"
        >
          SDK 3
           
          2 years ago
        </p>
      </div>
      <div
        className="MuiBox-root css-17s8iu9"
      >
        <h6
          className="MuiTypography-root MuiTypography-h6 css-133mrz3-MuiTypography-root"
        >
          Social
        </h6>
        <p
          className="MuiTypography-root MuiTypography-body1 css-ahj2mt-MuiTypography-root"
        >
          SDK 6
           
          2 years ago
        </p>
      </div>
      <div
        className="MuiBox-root css-17s8iu9"
      >
        <h6
          className="MuiTypography-root MuiTypography-h6 css-133mrz3-MuiTypography-root"
        >
          Utilities
        </h6>
        <p
          className="MuiTypography-root MuiTypography-body1 css-ahj2mt-MuiTypography-root"
        >
          SDK 2
           
          2 years ago
        </p>
        <p
          className="MuiTypography-root MuiTypography-body1 css-ahj2mt-MuiTypography-root"
        >
          SDK 5
           
          2 years ago
        </p>
        <p
          className="MuiTypography-root MuiTypography-body1 css-ahj2mt-MuiTypography-root"
        >
          SDK 8
           
          2 years ago
        </p>
        <p
          className="MuiTypography-root MuiTypography-body1 css-ahj2mt-MuiTypography-root"
        >
          SDK 10
           
          2 years ago
        </p>
      </div>
    </div>
  </div>
  <div
    className="MuiCardActions-root MuiCardActions-spacing css-1t6e9jv-MuiCardActions-root"
  />
</div>
`;
